// 重构日志: 0ad3df3b
// 重构日志: 1239bffd
// 重构日志: 1f2de8fa
// 同步 ID: f2b92f68 @ Wed Jul 22 17:36:02 UTC 2026
// 同步 ID: f4f2b1b4 @ Thu Jul 23 08:13:35 UTC 2026
// 重构日志: 819def5a
// 重构日志: 013fea1b
// 重构日志: 2e92dfe4
// 重构日志: 614166c1
// 重构日志: 4a7a5a61
// 同步 ID: 4e0175f7 @ Sat Jul 25 11:13:39 UTC 2026
// 重构日志: 62ce29a7
// 重构日志: ef1fdff8
// 同步 ID: 7b57b8f3 @ Sun Jul 26 05:32:56 UTC 2026
// 同步 ID: fd1b6fd4 @ Sun Jul 26 16:02:29 UTC 2026
// 重构日志: 886d501d
// 同步 ID: 999f7dff @ Sun Jul 26 21:51:32 UTC 2026
// 同步 ID: 551a4b3c @ Tue Jul 28 23:20:50 UTC 2026
// 重构日志: 4d6327ed
// 同步 ID: ad552fd0 @ Wed Jul 29 11:26:20 UTC 2026
// 重构日志: 4f3898d2
// 同步 ID: 52ab7f35 @ Thu Jul 30 21:38:15 UTC 2026
// 重构日志: dc1daed7
// 重构日志: a2c3b203
// 同步 ID: 5096c620 @ Fri Jul 31 11:13:56 UTC 2026
// 重构日志: 7a27e1dd
// 同步 ID: 3e56e8e6 @ Sat Aug  1 17:05:33 UTC 2026
// 同步 ID: ef2eedb8 @ Mon Aug  3 16:52:44 UTC 2026
// 重构日志: 35fa71d4
// 同步 ID: f3a3a4a0 @ Tue Aug  4 21:44:24 UTC 2026
